// Jest Snapshot v1, https://goo.gl/fbAQLP

exports[`render test FilmsSearch goal:render FilmData component 1`] = `
Object {
  "asFragment": [Function],
  "baseElement": <body>
    <div>
      <div
        class="container"
      >
        <div
          class="film_data_content"
        >
          <header
            class="film_data_header"
          >
            <h1>
              title
            </h1>
            <div
              class="film_data_year"
            >
              year
            </div>
            <div
              class="film_data_btn"
            >
              <button>
                Back
              </button>
            </div>
          </header>
          <aside
            class="film_data_left"
          >
            <div
              class="film_data_poster"
            >
              <img
                alt="poster"
                src="poster"
              />
            </div>
            <ul
              class="film_data_scores"
            >
              <li>
                metascore:
                metascore
              </li>
              <li>
                imdb:
                rating
              </li>
            </ul>
          </aside>
          <section>
            <ul>
              <li>
                released:
                released
              </li>
              <li>
                genre:
                genre
              </li>
              <li>
                director:
                director
              </li>
              <li>
                actors:
                actors
              </li>
              <li>
                awards:
                awards
              </li>
            </ul>
          </section>
          <article
            class="film_data_plot"
          >
            Plot:
            plot
          </article>
        </div>
      </div>
    </div>
  </body>,
  "container": <div>
    <div
      class="container"
    >
      <div
        class="film_data_content"
      >
        <header
          class="film_data_header"
        >
          <h1>
            title
          </h1>
          <div
            class="film_data_year"
          >
            year
          </div>
          <div
            class="film_data_btn"
          >
            <button>
              Back
            </button>
          </div>
        </header>
        <aside
          class="film_data_left"
        >
          <div
            class="film_data_poster"
          >
            <img
              alt="poster"
              src="poster"
            />
          </div>
          <ul
            class="film_data_scores"
          >
            <li>
              metascore:
              metascore
            </li>
            <li>
              imdb:
              rating
            </li>
          </ul>
        </aside>
        <section>
          <ul>
            <li>
              released:
              released
            </li>
            <li>
              genre:
              genre
            </li>
            <li>
              director:
              director
            </li>
            <li>
              actors:
              actors
            </li>
            <li>
              awards:
              awards
            </li>
          </ul>
        </section>
        <article
          class="film_data_plot"
        >
          Plot:
          plot
        </article>
      </div>
    </div>
  </div>,
  "debug": [Function],
  "findAllByAltText": [Function],
  "findAllByDisplayValue": [Function],
  "findAllByLabelText": [Function],
  "findAllByPlaceholderText": [Function],
  "findAllByRole": [Function],
  "findAllByTestId": [Function],
  "findAllByText": [Function],
  "findAllByTitle": [Function],
  "findByAltText": [Function],
  "findByDisplayValue": [Function],
  "findByLabelText": [Function],
  "findByPlaceholderText": [Function],
  "findByRole": [Function],
  "findByTestId": [Function],
  "findByText": [Function],
  "findByTitle": [Function],
  "getAllByAltText": [Function],
  "getAllByDisplayValue": [Function],
  "getAllByLabelText": [Function],
  "getAllByPlaceholderText": [Function],
  "getAllByRole": [Function],
  "getAllByTestId": [Function],
  "getAllByText": [Function],
  "getAllByTitle": [Function],
  "getByAltText": [Function],
  "getByDisplayValue": [Function],
  "getByLabelText": [Function],
  "getByPlaceholderText": [Function],
  "getByRole": [Function],
  "getByTestId": [Function],
  "getByText": [Function],
  "getByTitle": [Function],
  "queryAllByAltText": [Function],
  "queryAllByDisplayValue": [Function],
  "queryAllByLabelText": [Function],
  "queryAllByPlaceholderText": [Function],
  "queryAllByRole": [Function],
  "queryAllByTestId": [Function],
  "queryAllByText": [Function],
  "queryAllByTitle": [Function],
  "queryByAltText": [Function],
  "queryByDisplayValue": [Function],
  "queryByLabelText": [Function],
  "queryByPlaceholderText": [Function],
  "queryByRole": [Function],
  "queryByTestId": [Function],
  "queryByText": [Function],
  "queryByTitle": [Function],
  "rerender": [Function],
  "unmount": [Function],
}
`;
