// Jest Snapshot v1, https://goo.gl/fbAQLP

exports[`render tests for InfoBlock goal: render InfoBlock component 1`] = `
Object {
  "asFragment": [Function],
  "baseElement": <body>
    <div>
      <div
        class="info_container"
      >
        <img
          alt="img"
          class="info_pic"
          src="https://media.istockphoto.com/id/489833698/photo/two-lounge-chairs-under-tent-on-beach.jpg?s=612x612&w=0&k=20&c=df_6Jkb5YreyaAcGVbdcRrTP4dZ-opUrYWtgRC3eKKI="
        />
        <section
          class="rules_container"
        >
          <h2
            class="rules_title"
          >
            Rules
          </h2>
          <ul
            class="rules_list"
          >
            <li>
              1.don't be rude in comments!
            </li>
            <li>
              2.fill films inputs with correct data!
            </li>
            <li>
              3.comments limit is 5!
            </li>
            <li>
              3.have a nice day!
            </li>
          </ul>
        </section>
        <section
          class="phrase_container"
        >
          <h2
            class="phrase_title"
          />
          <p
            class="phrase_author"
          />
        </section>
      </div>
    </div>
  </body>,
  "container": <div>
    <div
      class="info_container"
    >
      <img
        alt="img"
        class="info_pic"
        src="https://media.istockphoto.com/id/489833698/photo/two-lounge-chairs-under-tent-on-beach.jpg?s=612x612&w=0&k=20&c=df_6Jkb5YreyaAcGVbdcRrTP4dZ-opUrYWtgRC3eKKI="
      />
      <section
        class="rules_container"
      >
        <h2
          class="rules_title"
        >
          Rules
        </h2>
        <ul
          class="rules_list"
        >
          <li>
            1.don't be rude in comments!
          </li>
          <li>
            2.fill films inputs with correct data!
          </li>
          <li>
            3.comments limit is 5!
          </li>
          <li>
            3.have a nice day!
          </li>
        </ul>
      </section>
      <section
        class="phrase_container"
      >
        <h2
          class="phrase_title"
        />
        <p
          class="phrase_author"
        />
      </section>
    </div>
  </div>,
  "debug": [Function],
  "findAllByAltText": [Function],
  "findAllByDisplayValue": [Function],
  "findAllByLabelText": [Function],
  "findAllByPlaceholderText": [Function],
  "findAllByRole": [Function],
  "findAllByTestId": [Function],
  "findAllByText": [Function],
  "findAllByTitle": [Function],
  "findByAltText": [Function],
  "findByDisplayValue": [Function],
  "findByLabelText": [Function],
  "findByPlaceholderText": [Function],
  "findByRole": [Function],
  "findByTestId": [Function],
  "findByText": [Function],
  "findByTitle": [Function],
  "getAllByAltText": [Function],
  "getAllByDisplayValue": [Function],
  "getAllByLabelText": [Function],
  "getAllByPlaceholderText": [Function],
  "getAllByRole": [Function],
  "getAllByTestId": [Function],
  "getAllByText": [Function],
  "getAllByTitle": [Function],
  "getByAltText": [Function],
  "getByDisplayValue": [Function],
  "getByLabelText": [Function],
  "getByPlaceholderText": [Function],
  "getByRole": [Function],
  "getByTestId": [Function],
  "getByText": [Function],
  "getByTitle": [Function],
  "queryAllByAltText": [Function],
  "queryAllByDisplayValue": [Function],
  "queryAllByLabelText": [Function],
  "queryAllByPlaceholderText": [Function],
  "queryAllByRole": [Function],
  "queryAllByTestId": [Function],
  "queryAllByText": [Function],
  "queryAllByTitle": [Function],
  "queryByAltText": [Function],
  "queryByDisplayValue": [Function],
  "queryByLabelText": [Function],
  "queryByPlaceholderText": [Function],
  "queryByRole": [Function],
  "queryByTestId": [Function],
  "queryByText": [Function],
  "queryByTitle": [Function],
  "rerender": [Function],
  "unmount": [Function],
}
`;
