// Jest Snapshot v1, https://goo.gl/fbAQLP

exports[`render test FilmsSearch goal:render FilmData component 1`] = `
Object {
  "asFragment": [Function],
  "baseElement": <body>
    <div>
      <div
        class="film_data_container"
      >
        <div
          class="film_data_content"
        >
          <header
            class="film_data_header"
          >
            <h3
              class="film_data_title"
            />
            <p
              class="film_data_year"
            />
          </header>
          <aside
            class="film_data_left"
          >
            <div
              class="film_data_poster"
            >
              <img
                alt="poster"
              />
            </div>
            <ul
              class="film_data_scores"
            >
              <li>
                <b>
                  metascore:
                </b>
                 
              </li>
              <li>
                <b>
                  imdb:
                </b>
                 
              </li>
            </ul>
          </aside>
          <main
            class="film_data_main"
          >
            <section
              class="film_data_plot"
            >
              <article>
                <p>
                  <b>
                    Plot:
                  </b>
                   
                </p>
              </article>
            </section>
            <section>
              <ul>
                <li>
                  <p>
                    <b>
                      released:
                    </b>
                     
                  </p>
                </li>
                <li>
                  <p>
                    <b>
                      genre:
                    </b>
                     
                  </p>
                </li>
                <li>
                  <p>
                    <b>
                      director:
                    </b>
                     
                  </p>
                </li>
                <li>
                  <p>
                    <b>
                      actors:
                    </b>
                     
                  </p>
                </li>
              </ul>
            </section>
          </main>
        </div>
      </div>
    </div>
  </body>,
  "container": <div>
    <div
      class="film_data_container"
    >
      <div
        class="film_data_content"
      >
        <header
          class="film_data_header"
        >
          <h3
            class="film_data_title"
          />
          <p
            class="film_data_year"
          />
        </header>
        <aside
          class="film_data_left"
        >
          <div
            class="film_data_poster"
          >
            <img
              alt="poster"
            />
          </div>
          <ul
            class="film_data_scores"
          >
            <li>
              <b>
                metascore:
              </b>
               
            </li>
            <li>
              <b>
                imdb:
              </b>
               
            </li>
          </ul>
        </aside>
        <main
          class="film_data_main"
        >
          <section
            class="film_data_plot"
          >
            <article>
              <p>
                <b>
                  Plot:
                </b>
                 
              </p>
            </article>
          </section>
          <section>
            <ul>
              <li>
                <p>
                  <b>
                    released:
                  </b>
                   
                </p>
              </li>
              <li>
                <p>
                  <b>
                    genre:
                  </b>
                   
                </p>
              </li>
              <li>
                <p>
                  <b>
                    director:
                  </b>
                   
                </p>
              </li>
              <li>
                <p>
                  <b>
                    actors:
                  </b>
                   
                </p>
              </li>
            </ul>
          </section>
        </main>
      </div>
    </div>
  </div>,
  "debug": [Function],
  "findAllByAltText": [Function],
  "findAllByDisplayValue": [Function],
  "findAllByLabelText": [Function],
  "findAllByPlaceholderText": [Function],
  "findAllByRole": [Function],
  "findAllByTestId": [Function],
  "findAllByText": [Function],
  "findAllByTitle": [Function],
  "findByAltText": [Function],
  "findByDisplayValue": [Function],
  "findByLabelText": [Function],
  "findByPlaceholderText": [Function],
  "findByRole": [Function],
  "findByTestId": [Function],
  "findByText": [Function],
  "findByTitle": [Function],
  "getAllByAltText": [Function],
  "getAllByDisplayValue": [Function],
  "getAllByLabelText": [Function],
  "getAllByPlaceholderText": [Function],
  "getAllByRole": [Function],
  "getAllByTestId": [Function],
  "getAllByText": [Function],
  "getAllByTitle": [Function],
  "getByAltText": [Function],
  "getByDisplayValue": [Function],
  "getByLabelText": [Function],
  "getByPlaceholderText": [Function],
  "getByRole": [Function],
  "getByTestId": [Function],
  "getByText": [Function],
  "getByTitle": [Function],
  "queryAllByAltText": [Function],
  "queryAllByDisplayValue": [Function],
  "queryAllByLabelText": [Function],
  "queryAllByPlaceholderText": [Function],
  "queryAllByRole": [Function],
  "queryAllByTestId": [Function],
  "queryAllByText": [Function],
  "queryAllByTitle": [Function],
  "queryByAltText": [Function],
  "queryByDisplayValue": [Function],
  "queryByLabelText": [Function],
  "queryByPlaceholderText": [Function],
  "queryByRole": [Function],
  "queryByTestId": [Function],
  "queryByText": [Function],
  "queryByTitle": [Function],
  "rerender": [Function],
  "unmount": [Function],
}
`;
